adapters.ts: <   base: string;
adapters.ts: <   branch: string;
adapters.ts: <   commitFiles(repo: RepoRef, payload: CommitFilesPayload): Promise<{ branch: string }>;
adapters.ts: <   contents: string;
adapters.ts: <   diffNameOnly(repo: RepoRef, base: string, head: string): Promise<string[]>;
adapters.ts: <   files: CommitFile[];
adapters.ts: <   findOpenPr(repo: RepoRef, branch: string): Promise<{ url: string } | null>;
adapters.ts: <   message: string;
adapters.ts: <   path: string;
adapters.ts: <   readonly id: 'openai' | 'anthropic' | 'openrouter';
adapters.ts: <   sessionId?: string;
adapters.ts: <   sync(repo: RepoRef, branch: string): Promise<{ head: string }>;
adapters.ts: < export interface CommitFile {
adapters.ts: < export interface CommitFilesPayload {
adapters.ts: < }
adapters.ts: < }
adapters.ts: >   readonly id: 'openai' | 'anthropic';
contracts/eval-ci.ts: <     .array(z.string())
contracts/eval-ci.ts: <     .nullish()
contracts/eval-ci.ts: <     .transform((v) => v ?? []),
contracts/eval-ci.ts: <   ci_fail_on: CiFailOn.default('critical'),
contracts/eval-ci.ts: <   model: z.string().min(1),
contracts/eval-ci.ts: <   name: z.string().min(1),
contracts/eval-ci.ts: <   provider: Provider.default('openrouter'),
contracts/eval-ci.ts: <   provider: z.enum(['openai', 'anthropic', 'openrouter']).nullish(),
contracts/eval-ci.ts: <   skills: z
contracts/eval-ci.ts: <   strategy: z.enum(['auto', 'single-pass', 'map-reduce']).default('auto'),
contracts/eval-ci.ts: <   system_prompt: z.string(),
contracts/eval-ci.ts: < export const AgentManifest = z.object({
contracts/eval-ci.ts: < export type AgentManifest = z.infer<typeof AgentManifest>;
contracts/eval-ci.ts: < export type AgentManifestInput = z.input<typeof AgentManifest>;
contracts/eval-ci.ts: < import { EvalRun, EvalOwnerKind, Conformance, Provider, CiFailOn } from './knowledge.js';
contracts/eval-ci.ts: < });
contracts/eval-ci.ts: >   provider: z.enum(['openai', 'anthropic']).nullish(),
contracts/eval-ci.ts: > import { EvalRun, EvalOwnerKind, Conformance } from './knowledge.js';
contracts/knowledge.ts: <   agent_id: z.string(),
contracts/knowledge.ts: <   ci_fail_on: CiFailOn,
contracts/knowledge.ts: <   ci_fail_on: CiFailOn.nullish(),
contracts/knowledge.ts: <   config: AgentVersionConfig,
contracts/knowledge.ts: <   created_at: z.string(),
contracts/knowledge.ts: <   model: z.string(),
contracts/knowledge.ts: <   output_schema: z.unknown().nullish(),
contracts/knowledge.ts: <   provider: Provider,
contracts/knowledge.ts: <   repo_intel: z.boolean(),
contracts/knowledge.ts: <   repo_intel: z.boolean().nullish(),
contracts/knowledge.ts: <   skills: z.array(z.string()),
contracts/knowledge.ts: <   skills: z.array(z.string()).nullish(),
contracts/knowledge.ts: <   strategy: ReviewStrategy,
contracts/knowledge.ts: <   strategy: ReviewStrategy.nullish(),
contracts/knowledge.ts: <   system_prompt: z.string(),
contracts/knowledge.ts: <   version: z.number().int(),
contracts/knowledge.ts: < export const AgentVersion = z.object({
contracts/knowledge.ts: < export const AgentVersionConfig = z.object({
contracts/knowledge.ts: < export const StoredAgentVersionConfig = AgentVersionConfig.extend({
contracts/knowledge.ts: < export type AgentVersion = z.infer<typeof AgentVersion>;
contracts/knowledge.ts: < export type AgentVersionConfig = z.infer<typeof AgentVersionConfig>;
contracts/knowledge.ts: < export type StoredAgentVersionConfig = z.infer<typeof StoredAgentVersionConfig>;
contracts/knowledge.ts: < });
contracts/knowledge.ts: < });
contracts/knowledge.ts: < });
contracts/productionize.ts: <   provider: z.enum(['openai', 'anthropic', 'openrouter']),
contracts/productionize.ts: >   provider: z.enum(['openai', 'anthropic']),
contracts/trace.ts: <       attribution in the run trace. */
